exports[`test FilePicker should render 1`] = `
<input
  onChange={[Function]}
  type="file" />
`;
