exports[`test ConfigTab should render 1`] = `
<div
  className="server-config-tab">
  <div
    className="server-config-tab-details">
    <div
      className="server-config-tab-details__row">
      <div
        className="server-config-tab-details__cell">
        <Chip>
          Port: 
          3000
        </Chip>
      </div>
      <div
        className="server-config-tab-details__cell">
        <Chip>
          Type: 
          some type
        </Chip>
      </div>
    </div>
    <div
      className="server-config-tab-details__row">
      <div
        className="server-config-tab-details__cell">
        <Link
          onlyActiveOnIndex={false}
          style={Object {}}
          to="/add-task">
          Add task
        </Link>
      </div>
    </div>
    <div
      className="server-config-tab-details__row">
      <div
        className="server-config-tab-details__cell">
        Add from file: 
        <Connect(FilePicker) />
      </div>
    </div>
  </div>
  <div
    className="server-config-tab__tasks server-config-tab-queues">
    <Component
      id="queue id"
      serverId="some id" />
  </div>
</div>
`;
