// Jest Snapshot v1, https://goo.gl/fbAQLP

exports[`removeServerEpic success flow 1`] = `
Array [
  Object {
    "id": "some id",
    "type": "removeServer/INIT",
  },
  Object {
    "id": "some id",
    "type": "servers/REMOVE",
  },
]
`;
