// Jest Snapshot v1, https://goo.gl/fbAQLP

exports[`Scenes default snapshot 1`] = `
<ul
  className="scenes"
/>
`;
