exports[`Tasks default snapshot 1`] = `
<ul
  className="tasks" />
`;
