exports[`test Servers should render 1`] = `
<ul
  className="servers-list" />
`;
