// Jest Snapshot v1, https://goo.gl/fbAQLP

exports[`AddServerForm snapshots default 1`] = `
<form
  className="form add-server-form"
  onSubmit={[Function]}
>
  <div
    className="form-row"
  >
    <div
      className="form__field"
    >
      <label
        className="form-field__label"
        htmlFor="name"
      >
        Name:
      </label>
      <Field
        className="form-field__input"
        component="input"
        name="name"
        placeholder="Awesome server"
        type="text"
      />
    </div>
  </div>
  <div
    className="form-row"
  >
    <div
      className="form__col"
    >
      <div
        className="form__field"
      >
        <label
          className="form-field__label"
          htmlFor="port"
        >
          Port:
        </label>
        <Field
          className="form-field__input"
          component="input"
          name="port"
          type="number"
        />
      </div>
    </div>
    <div
      className="form__col"
    >
      <div
        className="form__field"
      >
        <label
          className="form-field__label"
          htmlFor="type"
        >
          Type:
        </label>
        <Field
          component={[Function]}
          name="type"
        />
      </div>
    </div>
    <div
      className="form__col form__col--small"
    >
      <div
        className="form__field"
      >
        <label
          className="form-field__label"
          htmlFor="secure"
        >
          Secure:
        </label>
        <Field
          component={[Function]}
          name="secure"
        />
      </div>
    </div>
  </div>
  <div
    className="form-row"
  >
    <button
      className="button form__button"
      type="submit"
    >
      <img
        alt=""
        className="form__submit-icon"
        src=""
      />
      Create
    </button>
  </div>
</form>
`;
