// Jest Snapshot v1, https://goo.gl/fbAQLP

exports[`Descriptions default snapshot 1`] = `
<ul
  className="descriptions"
/>
`;
