exports[`test Queue should render 1`] = `
<div
  className="queue">
  <div
    className="queue__tasks">
    <Connect(Component)
      serverId="some-id" />
  </div>
</div>
`;
