exports[`AddTask default snapshot 1`] = `
<div
  className="add-task">
  <Link
    onlyActiveOnIndex={false}
    style={Object {}}
    to="/">
    â‡š Server details
  </Link>
  <Connect(WsForm) />
</div>
`;
