exports[`test Main should render 1`] = `
<div
  className="main">
  <div
    className="main__navbar">
    <SideBar />
  </div>
  <div
    className="main__content" />
</div>
`;
